// Jest Snapshot v1, https://goo.gl/fbAQLP

exports[`Renders FileUpload should render FileUpload correctly 1`] = `
Object {
  "asFragment": [Function],
  "baseElement": <body>
    <div>
      <div
        class="file-upload-wrapper"
      >
        <div
          class="form-control"
        >
          <p
            class="MuiTypography-root makeStyles-label-6 undefined MuiTypography-body1"
          >
            Sample File
             
            *
          </p>
          <div
            class="MuiFormControl-root MuiTextField-root"
          >
            <div
              class="MuiInputBase-root MuiOutlinedInput-root MuiInputBase-formControl MuiInputBase-adornedStart MuiOutlinedInput-adornedStart MuiInputBase-adornedEnd MuiOutlinedInput-adornedEnd"
            >
              <div
                class="MuiInputAdornment-root MuiInputAdornment-positionStart"
              >
                <img
                  alt="Sample File"
                  src="att.png"
                />
              </div>
              <input
                aria-invalid="false"
                class="MuiInputBase-input MuiOutlinedInput-input MuiInputBase-inputAdornedStart MuiOutlinedInput-inputAdornedStart MuiInputBase-inputAdornedEnd MuiOutlinedInput-inputAdornedEnd"
                placeholder="upload"
                required=""
                type="text"
                value=""
              />
              <div
                class="MuiInputAdornment-root MuiInputAdornment-positionEnd"
              >
                <input
                  accept="image/*"
                  class="makeStyles-readOnlyInput-3"
                  color="primary"
                  id="abc"
                  readonly=""
                  type="file"
                />
                <button
                  class="MuiButtonBase-root MuiIconButton-root"
                  tabindex="0"
                  type="button"
                >
                  <span
                    class="MuiIconButton-label"
                  >
                    <label
                      class="makeStyles-uploadIcon-2"
                      for="abc"
                    >
                      <svg
                        fill="none"
                        viewBox="0 0 32 32"
                        width="18px"
                      >
                        <path
                          d="M28 22 L28 30 4 30 4 22 M16 4 L16 24 M8 12 L16 4 24 12"
                        />
                      </svg>
                    </label>
                  </span>
                  <span
                    class="MuiTouchRipple-root"
                  />
                </button>
              </div>
              
              <fieldset
                aria-hidden="true"
                class="PrivateNotchedOutline-root-7 MuiOutlinedInput-notchedOutline"
                style="padding-left: 8px;"
              >
                <legend
                  class="PrivateNotchedOutline-legend-8"
                  style="width: 0.01px;"
                >
                  <span>
                    ​
                  </span>
                </legend>
              </fieldset>
            </div>
          </div>
        </div>
      </div>
    </div>
  </body>,
  "container": <div>
    <div
      class="file-upload-wrapper"
    >
      <div
        class="form-control"
      >
        <p
          class="MuiTypography-root makeStyles-label-6 undefined MuiTypography-body1"
        >
          Sample File
           
          *
        </p>
        <div
          class="MuiFormControl-root MuiTextField-root"
        >
          <div
            class="MuiInputBase-root MuiOutlinedInput-root MuiInputBase-formControl MuiInputBase-adornedStart MuiOutlinedInput-adornedStart MuiInputBase-adornedEnd MuiOutlinedInput-adornedEnd"
          >
            <div
              class="MuiInputAdornment-root MuiInputAdornment-positionStart"
            >
              <img
                alt="Sample File"
                src="att.png"
              />
            </div>
            <input
              aria-invalid="false"
              class="MuiInputBase-input MuiOutlinedInput-input MuiInputBase-inputAdornedStart MuiOutlinedInput-inputAdornedStart MuiInputBase-inputAdornedEnd MuiOutlinedInput-inputAdornedEnd"
              placeholder="upload"
              required=""
              type="text"
              value=""
            />
            <div
              class="MuiInputAdornment-root MuiInputAdornment-positionEnd"
            >
              <input
                accept="image/*"
                class="makeStyles-readOnlyInput-3"
                color="primary"
                id="abc"
                readonly=""
                type="file"
              />
              <button
                class="MuiButtonBase-root MuiIconButton-root"
                tabindex="0"
                type="button"
              >
                <span
                  class="MuiIconButton-label"
                >
                  <label
                    class="makeStyles-uploadIcon-2"
                    for="abc"
                  >
                    <svg
                      fill="none"
                      viewBox="0 0 32 32"
                      width="18px"
                    >
                      <path
                        d="M28 22 L28 30 4 30 4 22 M16 4 L16 24 M8 12 L16 4 24 12"
                      />
                    </svg>
                  </label>
                </span>
                <span
                  class="MuiTouchRipple-root"
                />
              </button>
            </div>
            
            <fieldset
              aria-hidden="true"
              class="PrivateNotchedOutline-root-7 MuiOutlinedInput-notchedOutline"
              style="padding-left: 8px;"
            >
              <legend
                class="PrivateNotchedOutline-legend-8"
                style="width: 0.01px;"
              >
                <span>
                  ​
                </span>
              </legend>
            </fieldset>
          </div>
        </div>
      </div>
    </div>
  </div>,
  "debug": [Function],
  "findAllByAltText": [Function],
  "findAllByDisplayValue": [Function],
  "findAllByLabelText": [Function],
  "findAllByPlaceholderText": [Function],
  "findAllByRole": [Function],
  "findAllByTestId": [Function],
  "findAllByText": [Function],
  "findAllByTitle": [Function],
  "findByAltText": [Function],
  "findByDisplayValue": [Function],
  "findByLabelText": [Function],
  "findByPlaceholderText": [Function],
  "findByRole": [Function],
  "findByTestId": [Function],
  "findByText": [Function],
  "findByTitle": [Function],
  "getAllByAltText": [Function],
  "getAllByDisplayValue": [Function],
  "getAllByLabelText": [Function],
  "getAllByPlaceholderText": [Function],
  "getAllByRole": [Function],
  "getAllByTestId": [Function],
  "getAllByText": [Function],
  "getAllByTitle": [Function],
  "getByAltText": [Function],
  "getByDisplayValue": [Function],
  "getByLabelText": [Function],
  "getByPlaceholderText": [Function],
  "getByRole": [Function],
  "getByTestId": [Function],
  "getByText": [Function],
  "getByTitle": [Function],
  "queryAllByAltText": [Function],
  "queryAllByDisplayValue": [Function],
  "queryAllByLabelText": [Function],
  "queryAllByPlaceholderText": [Function],
  "queryAllByRole": [Function],
  "queryAllByTestId": [Function],
  "queryAllByText": [Function],
  "queryAllByTitle": [Function],
  "queryByAltText": [Function],
  "queryByDisplayValue": [Function],
  "queryByLabelText": [Function],
  "queryByPlaceholderText": [Function],
  "queryByRole": [Function],
  "queryByTestId": [Function],
  "queryByText": [Function],
  "queryByTitle": [Function],
  "rerender": [Function],
  "unmount": [Function],
}
`;
